
Atif@DESKTOP-611SLJC MINGW64 ~
$ git --version
git version 2.31.1.windows.1

Atif@DESKTOP-611SLJC MINGW64 ~
$ git config --global user.name "Atif"

Atif@DESKTOP-611SLJC MINGW64 ~
$ git config --global user.email "atif.iu@gmail.com"

Atif@DESKTOP-611SLJC MINGW64 ~
$ ssh-keygen -t rsa -C "atif.iu@gmail.com"
Generating public/private rsa key pair.
Enter file in which to save the key (/c/Users/Atif/.ssh/id_rsa):
Enter passphrase (empty for no passphrase):
Enter same passphrase again:
Your identification has been saved in /c/Users/Atif/.ssh/id_rsa
Your public key has been saved in /c/Users/Atif/.ssh/id_rsa.pub
The key fingerprint is:
SHA256:IkAuKOX0hyg16KU2YjnWTzqioOstDzj9JH0L31sBfkg atif.iu@gmail.com
The key's randomart image is:
+---[RSA 3072]----+
| .*              |
|oB = .           |
|* X o . E        |
|o% o o o o       |
|= o = . S o      |
|oo + o . . .     |
|*.+ = .   .      |
|ooo+ + o .       |
|oooo. o o.       |
+----[SHA256]-----+

Atif@DESKTOP-611SLJC MINGW64 ~
$ ssh -T git@github.com
The authenticity of host 'github.com (13.234.210.38)' can't be established.
RSA key fingerprint is SHA256:nThbg6kXUpJWGl7E1IGOCspRomTxdCARLviKw6E5SY8.
This key is not known by any other names
Are you sure you want to continue connecting (yes/no/[fingerprint])? y
Please type 'yes', 'no' or the fingerprint: yes
Warning: Permanently added 'github.com' (RSA) to the list of known hosts.
Hi atifiu! You've successfully authenticated, but GitHub does not provide shell access.

Atif@DESKTOP-611SLJC MINGW64 ~
$ cd F:\Testgit

Atif@DESKTOP-611SLJC MINGW64 /f/Testgit
$ git init
Initialized empty Git repository in F:/Testgit/.git/

Atif@DESKTOP-611SLJC MINGW64 /f/Testgit (master)
$ git add
Nothing specified, nothing added.
hint: Maybe you wanted to say 'git add .'?
hint: Turn this message off by running
hint: "git config advice.addEmptyPathspec false"

Atif@DESKTOP-611SLJC MINGW64 /f/Testgit (master)
$ git add .

Atif@DESKTOP-611SLJC MINGW64 /f/Testgit (master)
$ git status
On branch master

No commits yet

Changes to be committed:
  (use "git rm --cached <file>..." to unstage)
        new file:   testgitupload.txt


Atif@DESKTOP-611SLJC MINGW64 /f/Testgit (master)
$ git commit -m "Testing git upload to github"
[master (root-commit) de11b79] Testing git upload to github
 1 file changed, 1 insertion(+)
 create mode 100644 testgitupload.txt

Atif@DESKTOP-611SLJC MINGW64 /f/Testgit (master)
$ git remote add testgit https://github.com/atifiu/testgit.git

Atif@DESKTOP-611SLJC MINGW64 /f/Testgit (master)
$ git push -u testgit master
Enumerating objects: 3, done.
Counting objects: 100% (3/3), done.
Writing objects: 100% (3/3), 234 bytes | 117.00 KiB/s, done.
Total 3 (delta 0), reused 0 (delta 0), pack-reused 0
remote:
remote: Create a pull request for 'master' on GitHub by visiting:
remote:      https://github.com/atifiu/testgit/pull/new/master
remote:
To https://github.com/atifiu/testgit.git
 * [new branch]      master -> master
Branch 'master' set up to track remote branch 'master' from 'testgit'.

Atif@DESKTOP-611SLJC MINGW64 /f/Testgit (master)
$